<html>
  <head>
    <title>Two afters</title>
  </head>
  <body>
    <div data-type="chapter">
      <p>Stuff not in a section, should stay in chapter.</p>
      <section class="this one doesn't move">
        <p>Stuff that stays, as well</p>
      </section>
      <div data-type="composite-page" class="eoc-key-equations">
        <section class="key-equations">
          <p>Hi, I'm a key equation</p>
        </section>
      </div>
      <div data-type="composite-page" class="eoc-practice-test">
        <section class="practice-test">
          <p>Hi, I'm a practice test section</p>
        </section>
      </div>
    </div>
  </body>
</html>
